HI-TECH Software C Compiler 

Linker command line:

--edf=C:\Program Files (x86)\HI-TECH Software\PICC\9.83\dat\en_msgs.txt -cs \
  -h+dist/default/production\CPU_Semaforos.X.production.sym -z -Q16F886 \
  -ol.obj -Mdist/default/production/CPU_Semaforos.X.production.map -E1 \
  -ACONST=00h-0FFhx32 -ACODE=00h-07FFhx4 -ASTRCODE=00h-01FFFh \
  -AENTRY=00h-0FFhx32 -ASTRING=00h-0FFhx32 -ABANK0=020h-06Fh \
  -ABANK1=0A0h-0EFh -ABANK2=0110h-016Fh -ABANK3=0190h-01EFh \
  -ARAM=020h-06Fh,0A0h-0EFh,0110h-016Fh,0190h-01EFh \
  -AABS1=020h-07Fh,0A0h-0EFh,0110h-016Fh,0190h-01EFh -ACOMMON=070h-07Fh \
  -ASFR0=00h-01Fh -ASFR1=080h-09Fh -ASFR2=0100h-010Fh -ASFR3=0180h-018Fh \
  -preset_vec=00h,intentry=04h,init,end_init -ppowerup=CODE -pfunctab=CODE \
  -ACONFIG=02007h-02008h -pconfig=CONFIG -DCONFIG=2 -AIDLOC=02000h-02003h \
  -pidloc=IDLOC -DIDLOC=2 -AEEDATA=00h-0FFh/02100h -peeprom_data=EEDATA \
  -DEEDATA=2 -DCODE=2 -DSTRCODE=2 -DSTRING=2 -DCONST=2 -DENTRY=2 -k \
  C:\Users\Tincho\AppData\Local\Temp\s5q4.obj \
  dist/default/production\CPU_Semaforos.X.production.obj 

Object code version is 3.10

Machine type is 16F886



                Name                               Link     Load   Length Selector   Space Scale
C:\Users\Tincho\AppData\Local\Temp\s5q4.obj
                end_init                              C        C        3        8       0
                reset_vec                             0        0        3        0       0
dist/default/production\CPU_Semaforos.X.production.obj
                intentry                              4        4        8        8       0
                config                             2007     2007        2     400E       0
                text272                              FC       FC       10        8       0
                text264                              BD       BD       27        8       0
                text263                              7D       7D       40        8       0
                text262                               F        F       6E        8       0
                maintext                             E4       E4       18        8       0
                cstackCOMMON                         70       70        5       70       1
                bssBANK0                             20       20        A       20       1
                cinit                               10C      10C        E        8       0

TOTAL           Name                               Link     Load   Length     Space
        CLASS   CONST          

        CLASS   CODE           
                end_init                              C        C        3         0
                intentry                              4        4        8         0
                reset_vec                             0        0        3         0
                text272                              FC       FC       10         0
                text264                              BD       BD       27         0
                text263                              7D       7D       40         0
                text262                               F        F       6E         0
                maintext                             E4       E4       18         0
                cinit                               10C      10C        E         0

        CLASS   STRCODE        

        CLASS   ENTRY          

        CLASS   STRING         

        CLASS   BANK0          
                bssBANK0                             20       20        A         1

        CLASS   BANK1          

        CLASS   BANK2          

        CLASS   BANK3          

        CLASS   RAM            

        CLASS   ABS1           
                abs_s1                               7E       7E        2         1

        CLASS   COMMON         
                cstackCOMMON                         70       70        5         1

        CLASS   SFR0           

        CLASS   SFR1           

        CLASS   SFR2           

        CLASS   SFR3           

        CLASS   CONFIG         
                config                             2007     2007        2         0

        CLASS   IDLOC          

        CLASS   EEDATA         



SEGMENTS        Name                           Load    Length   Top    Selector   Space  Class     Delta

                reset_vec                      000000  000003  000003         0       0  CODE        2
                intentry                       000004  000116  00011A         8       0  CODE        2
                bssBANK0                       000020  00000A  00002A        20       1  BANK0       1
                cstackCOMMON                   000070  000005  000075        70       1  COMMON      1
                config                         002007  000002  002009      400E       0  CONFIG      2


UNUSED ADDRESS RANGES

        Name                Unused          Largest block    Delta
        BANK0            002A-006F             46           1
        BANK1            00A0-00EF             50           1
        BANK2            0110-016F             60           1
        BANK3            0190-01EF             60           1
        CODE             0003-0003              1           2
                         011A-1FFF            800
        COMMON           0075-007D              9           1
        CONST            0003-0003              1           2
                         011A-1FFF            100
        EEDATA           2100-21FF            100           2
        ENTRY            0003-0003              1           2
                         011A-1FFF            100
        IDLOC            2000-2003              4           2
        RAM              002A-006F             46           1
                         00A0-00EF             50
                         0110-016F             60
                         0190-01EF             60
        SFR0             0000-001F             20           1
        SFR1             0080-009F             20           1
        SFR2             0100-010F             10           1
        SFR3             0180-018F             10           1
        STRCODE          0003-0003              1           2
                         011A-1FFF           1EE6
        STRING           0003-0003              1           2
                         011A-1FFF            100

                                  Symbol Table

??_configADC                  cstackCOMMON 0072
??_configCCP                  cstackCOMMON 0072
??_configComparadores         cstackCOMMON 0072
??_configDevice               cstackCOMMON 0072
??_configInterrupts           cstackCOMMON 0072
??_configOscilador            cstackCOMMON 0072
??_configPorts                cstackCOMMON 0072
??_configTimers               cstackCOMMON 0072
??_controlTiempos             cstackCOMMON 0072
??_interrupciones             cstackCOMMON 0070
??_leerEntradasB              cstackCOMMON 0072
??_main                       cstackCOMMON 0075
?_configADC                   cstackCOMMON 0070
?_configCCP                   cstackCOMMON 0070
?_configComparadores          cstackCOMMON 0070
?_configDevice                cstackCOMMON 0070
?_configInterrupts            cstackCOMMON 0070
?_configOscilador             cstackCOMMON 0070
?_configPorts                 cstackCOMMON 0070
?_configTimers                cstackCOMMON 0070
?_controlTiempos              cstackCOMMON 0070
?_interrupciones              cstackCOMMON 0070
?_leerEntradasB               cstackCOMMON 0070
?_main                        cstackCOMMON 0070
_ADCON0                       (abs)        001F
_ADCON1                       (abs)        009F
_ANSEL                        (abs)        0188
_ANSELH                       (abs)        0189
_CCP1CON                      (abs)        0017
_CCP1IE                       (abs)        0462
_CCP2CON                      (abs)        001D
_CCP2IE                       (abs)        0468
_CHS0                         (abs)        00FA
_CHS1                         (abs)        00FB
_CHS2                         (abs)        00FC
_CHS3                         (abs)        00FD
_CM1CON0                      (abs)        0107
_CM2CON0                      (abs)        0108
_GIE                          (abs)        005F
_INTE                         (abs)        005C
_INTEDG                       (abs)        040E
_INTF                         (abs)        0059
_OSCCON                       (abs)        008F
_PEIE                         (abs)        005E
_PORTA                        (abs)        0005
_PORTB                        (abs)        0006
_PORTC                        (abs)        0007
_PS0                          (abs)        0408
_PS1                          (abs)        0409
_PS2                          (abs)        040A
_PSA                          (abs)        040B
_RBIE                         (abs)        005B
_RBIF                         (abs)        0058
_T0CS                         (abs)        040D
_T0IE                         (abs)        005D
_T0IF                         (abs)        005A
_T0SE                         (abs)        040C
_T1CKPS0                      (abs)        0084
_T1CKPS1                      (abs)        0085
_T1OSCEN                      (abs)        0083
_T2CKPS0                      (abs)        0090
_T2CKPS1                      (abs)        0091
_TMR0                         (abs)        0001
_TMR0IE                       (abs)        005D
_TMR0IF                       (abs)        005A
_TMR1CS                       (abs)        0081
_TMR1H                        (abs)        000F
_TMR1IE                       (abs)        0460
_TMR1L                        (abs)        000E
_TMR1ON                       (abs)        0080
_TMR2                         (abs)        0011
_TMR2IE                       (abs)        0461
_TMR2ON                       (abs)        0092
_TOUTPS0                      (abs)        0093
_TOUTPS1                      (abs)        0094
_TOUTPS2                      (abs)        0095
_TOUTPS3                      (abs)        0096
_TRISA                        (abs)        0085
_TRISB                        (abs)        0086
_TRISC                        (abs)        0087
_VCFG0                        (abs)        04FC
_VCFG1                        (abs)        04FD
_WPUB                         (abs)        0095
__Habs1                       abs1         0000
__Hbank0                      bank0        0000
__Hbank1                      bank1        0000
__Hbank2                      bank2        0000
__Hbank3                      bank3        0000
__HbssBANK0                   bssBANK0     0000
__Hcinit                      cinit        0000
__Hclrtext                    clrtext      0000
__Hcode                       code         0000
__Hcommon                     common       0000
__Hconfig                     config       2009
__HcstackCOMMON               cstackCOMMON 0000
__Heeprom_data                eeprom_data  0000
__Hend_init                   end_init     000F
__Hfunctab                    functab      0000
__Hidloc                      idloc        0000
__Hinit                       init         000C
__Hintentry                   intentry     000C
__Hmaintext                   maintext     0000
__Hpa_nodes                   pa_nodes     0000
__Hpowerup                    powerup      0000
__Hram                        ram          0000
__Hreset_vec                  reset_vec    0003
__Hsfr0                       sfr0         0000
__Hsfr1                       sfr1         0000
__Hsfr2                       sfr2         0000
__Hsfr3                       sfr3         0000
__Hstrings                    strings      0000
__Htext                       text         0000
__Labs1                       abs1         0000
__Lbank0                      bank0        0000
__Lbank1                      bank1        0000
__Lbank2                      bank2        0000
__Lbank3                      bank3        0000
__LbssBANK0                   bssBANK0     0000
__Lcinit                      cinit        0000
__Lclrtext                    clrtext      0000
__Lcode                       code         0000
__Lcommon                     common       0000
__Lconfig                     config       2007
__LcstackCOMMON               cstackCOMMON 0000
__Leeprom_data                eeprom_data  0000
__Lend_init                   end_init     000C
__Lfunctab                    functab      0000
__Lidloc                      idloc        0000
__Linit                       init         000C
__Lintentry                   intentry     0004
__Lmaintext                   maintext     0000
__Lpa_nodes                   pa_nodes     0000
__Lpowerup                    powerup      0000
__Lram                        ram          0000
__Lreset_vec                  reset_vec    0000
__Lsfr0                       sfr0         0000
__Lsfr1                       sfr1         0000
__Lsfr2                       sfr2         0000
__Lsfr3                       sfr3         0000
__Lstrings                    strings      0000
__Ltext                       text         0000
__S0                          (abs)        2009
__S1                          (abs)        0075
__S2                          (abs)        0000
__end_of_configADC            text262      006D
__end_of_configCCP            text262      0074
__end_of_configComparadores   text262      0078
__end_of_configDevice         text262      0022
__end_of_configInterrupts     text262      0041
__end_of_configOscilador      text262      007D
__end_of_configPorts          text262      0037
__end_of_configTimers         text262      0061
__end_of_controlTiempos       text264      00E4
__end_of_interrupciones       text272      010C
__end_of_leerEntradasB        text263      00BD
__end_of_main                 maintext     00FC
__pbssBANK0                   bssBANK0     0020
__pcstackCOMMON               cstackCOMMON 0070
__pintentry                   intentry     0004
__pmaintext                   maintext     00E4
__ptext261                    text261      0000
__ptext262                    text262      000F
__ptext263                    text263      007D
__ptext264                    text264      00BD
__ptext265                    text262      0078
__ptext266                    text262      0074
__ptext267                    text262      006D
__ptext268                    text262      0061
__ptext269                    text262      0041
__ptext270                    text262      0037
__ptext271                    text262      0022
__ptext272                    text272      00FC
__ptext273                    text273      0000
__size_of_configADC           (abs)        0000
__size_of_configCCP           (abs)        0000
__size_of_configComparadores  (abs)        0000
__size_of_configDevice        (abs)        0000
__size_of_configInterrupts    (abs)        0000
__size_of_configOscilador     (abs)        0000
__size_of_configPorts         (abs)        0000
__size_of_configTimers        (abs)        0000
__size_of_controlTiempos      (abs)        0000
__size_of_interrupciones      (abs)        0000
__size_of_leerEntradasB       (abs)        0000
__size_of_main                (abs)        0000
_configADC                    text262      0061
_configCCP                    text262      006D
_configComparadores           text262      0074
_configDevice                 text262      000F
_configInterrupts             text262      0037
_configOscilador              text262      0078
_configPorts                  text262      0022
_configTimers                 text262      0041
_controlCPU                   bssBANK0     0020
_controlTiempos               text264      00BD
_exit                         init         000C
_interrupciones               text272      00FC
_leerEntradasB                text263      007D
_main                         maintext     00E4
_nRBPU                        (abs)        040F
_nT1SYNC                      (abs)        0082
btemp                         (abs)        007E
controlTiempos@this           cstackCOMMON 0072
end_of_initialization         cinit        0116
i1l4554                                        
i1l4560                                        
interrupt_function            intentry     0004
intlevel0                     functab      0000
intlevel1                     functab      0000
intlevel2                     functab      0000
intlevel3                     functab      0000
intlevel4                     functab      0000
intlevel5                     functab      0000
l1000                                          
l1003                                          
l4432                                          
l4434                                          
l4436                                          
l4440                                          
l4442                                          
l4444                                          
l4446                                          
l4448                                          
l4450                                          
l4452                                          
l4454                                          
l4456                                          
l4458                                          
l4460                                          
l4462                                          
l4464                                          
l4466                                          
l4468                                          
l4470                                          
l4472                                          
l4474                                          
l4476                                          
l4478                                          
l4480                                          
l4482                                          
l4484                                          
l4486                                          
l4488                                          
l4490                                          
l4492                                          
l4494                                          
l4496                                          
l4498                                          
l4500                                          
l4502                                          
l4504                                          
l4506                                          
l4510                                          
l4512                                          
l4514                                          
l4518                                          
l4520                                          
l4522                                          
l4526                                          
l4530                                          
l4534                                          
l4536                                          
l4540                                          
l4544                                          
l4548                                          
l4552                                          
l4562                                          
l4564                                          
l4566                                          
l4568                                          
l4570                                          
l4572                                          
l4574                                          
l4576                                          
l4586                                          
l981                                           
l985                                           
l988                                           
l991                                           
l994                                           
l997                                           
leerEntradasB@auxiliarLectura cstackCOMMON 0073
leerEntradasB@diferencia      cstackCOMMON 0072
leerEntradasB@this            cstackCOMMON 0074
reset_vec                     reset_vec    0000
saved_w                       (abs)        007E
start                         init         000C
start_initialization          cinit        010C
wtemp0                        (abs)        007E
